C51 COMPILER V9.54   EEPROM                                                                06/02/2020 14:38:58 PAGE 1   


C51 COMPILER V9.54, COMPILATION OF MODULE EEPROM
OBJECT MODULE PLACED IN .\Objects\eeprom.obj
COMPILER INVOKED BY: D:\Keil_MDK\C51\BIN\C51.EXE eeprom.c OPTIMIZE(8,SPEED) BROWSE DEBUG OBJECTEXTEND PRINT(.\Listings\e
                    -eprom.lst) TABS(2) OBJECT(.\Objects\eeprom.obj)

line level    source

   1          #include "all.h"
   2          
   3          /*************EEPROM读写*************/
   4          //**************************************************************** 
   5          //  扇区擦除 
   6          //---------------------------------------------------------------- 
   7          void EEPROM_Eares(u16 addres) 
   8          {      
   9   1        IAP_ADDRL=addres;     //低位地址 
  10   1        IAP_ADDRH=addres>>8;  //高位地址 
  11   1        IAP_CONTR=0x01;  
  12   1        IAP_CONTR=IAP_CONTR|0x82; //设时间与充ISP操作
  13   1        IAP_CMD=0x03;         //扇区命命令 
  14   1        IAP_TRIG=0x5a;        //触发 
  15   1        IAP_TRIG=0xa5;        //触发启动。 
  16   1        _nop_();_nop_();_nop_();_nop_();
  17   1        IAP_ADDRL=0xff; 
  18   1        IAP_ADDRH=0xff; 
  19   1        IAP_CONTR=0x00; 
  20   1        IAP_CMD=0x00; 
  21   1        IAP_TRIG=0x00;  
  22   1      } 
  23          //**************************************************************** 
  24          //  读数据 
  25          //---------------------------------------------------------------- 
  26          u8 EEPROM_Read(u16 addres) 
  27          { 
  28   1        IAP_ADDRL=addres;     //低位地址 
  29   1        IAP_ADDRH=addres>>8;  //高位地址 
  30   1        IAP_CONTR=0x01;  
  31   1        IAP_CONTR=IAP_CONTR|0x82; //设时间与充ISP操作
  32   1        IAP_CMD=0x01;         //写命令 
  33   1        IAP_TRIG=0x5a;        //触发 
  34   1        IAP_TRIG=0xa5;        //触发启动。 
  35   1        _nop_();_nop_();_nop_();_nop_(); 
  36   1        IAP_ADDRL=0xff; 
  37   1        IAP_ADDRH=0xff; 
  38   1        IAP_CONTR=0x00; 
  39   1        IAP_CMD=0x00; 
  40   1        IAP_TRIG=0x00; 
  41   1      
  42   1        return(IAP_DATA);         
  43   1      } 
  44          //**************************************************************** 
  45          //  写数据 
  46          //---------------------------------------------------------------- 
  47          void EEPROM_Write(u16 addres,u8 write_data) 
  48          { 
  49   1        IAP_DATA=write_data;  //要写入的数据。 
  50   1        IAP_ADDRL=addres;     //低位地址 
  51   1        IAP_ADDRH=addres>>8;  //高位地址 
  52   1        IAP_CONTR=0x01;  
  53   1        IAP_CONTR=IAP_CONTR|0x82; //设时间与充ISP操作。 
  54   1        IAP_CMD=0x02;         //写命令 
C51 COMPILER V9.54   EEPROM                                                                06/02/2020 14:38:58 PAGE 2   

  55   1        IAP_TRIG=0x5a;        //触发 
  56   1        IAP_TRIG=0xa5;        //触发启动。 
  57   1        _nop_();_nop_();_nop_();_nop_();
  58   1        IAP_ADDRL=0xff; 
  59   1        IAP_ADDRH=0xff; 
  60   1        IAP_CONTR=0x00; 
  61   1        IAP_CMD=0x00; 
  62   1        IAP_TRIG=0x00;   
  63   1      } 


MODULE INFORMATION:   STATIC OVERLAYABLE
   CODE SIZE        =    115    ----
   CONSTANT SIZE    =   ----    ----
   XDATA SIZE       =   ----    ----
   PDATA SIZE       =   ----    ----
   DATA SIZE        =   ----    ----
   IDATA SIZE       =   ----    ----
   BIT SIZE         =   ----    ----
END OF MODULE INFORMATION.


C51 COMPILATION COMPLETE.  0 WARNING(S),  0 ERROR(S)
